// Jest Snapshot v1, https://goo.gl/fbAQLP

exports[`CurrentForecast should render Weather and Details components 1`] = `"<h2 class=\\"heading\\">Select a city:</h2><form><label class=\\"radio\\"><input type=\\"radio\\" name=\\"city\\" value=\\"London, UK\\"/>London, UK</label><label class=\\"radio\\"><input type=\\"radio\\" name=\\"city\\" value=\\"New York\\"/>New York</label><label class=\\"radio\\"><input type=\\"radio\\" name=\\"city\\" value=\\"Mumbai\\"/>Mumbai</label><label class=\\"radio\\"><input type=\\"radio\\" name=\\"city\\" value=\\"Sydney, AU\\"/>Sydney, AU</label><label class=\\"radio\\"><input type=\\"radio\\" name=\\"city\\" value=\\"Tokyo\\"/>Tokyo</label><div class=\\"button-wrapper\\"><button class=\\"button\\" type=\\"submit\\">See 16 day forecast</button></div></form><div class=\\"wrapper\\"></div>"`;
