// Jest Snapshot v1, https://goo.gl/fbAQLP

exports[`Temperature should render with props 1`] = `"<h3>Search by temperature:</h3><form><label class=\\"field\\"><input type=\\"number\\" name=\\"temperature\\" placeholder=\\"\\"/></label><label><input type=\\"radio\\" name=\\"filter\\" value=\\"min\\"/>min</label><label><input type=\\"radio\\" name=\\"filter\\" value=\\"max\\"/>max</label><button class=\\"button\\" type=\\"submit\\">Filter results</button></form><button class=\\"button\\">Refresh page</button>"`;
